// Jest Snapshot v1, https://goo.gl/fbAQLP

exports[`<TodoItem /> renders with snapshot 1`] = `
<li
  className="sc-bPaAec dktxlz"
>
  <div
    className="sc-hshgAP elPoGv"
  >
    <span>
      1. renderTest
    </span>
    <div
      className="sc-bZZWma gmfkxH"
    >
      <button
        className="sc-bcXHqe dCAPbY"
        disabled={false}
        onClick={[Function]}
        onKeyPress={[Function]}
        type="button"
      >
        수정
      </button>
      <button
        className="sc-bcXHqe dCAPbY"
        disabled={false}
        onClick={[Function]}
        onKeyPress={[Function]}
        style={
          Object {
            "color": "#fa5c5c",
          }
        }
        type="button"
      >
        삭제
      </button>
    </div>
  </div>
</li>
`;
