// Jest Snapshot v1, https://goo.gl/fbAQLP

exports[`<HomeBody /> renders with snapshot 1`] = `
<div
  className="sc-hCpPqN WnmLi"
>
  <h2
    className="sc-eFjyua fbVgfZ"
  >
    Simple Todo List
  </h2>
  <div
    className="sc-bPaAec hDWzBG"
  >
    <div
      className="sc-dZTDFv bJPCES"
      width="400px"
    >
      <div
        className="sc-hbWBzy dJsoGE"
        disabled={false}
      >
        <input
          className="sc-nTrUm fNPogZ"
          onChange={[Function]}
          onKeyDown={[Function]}
          onKeyPress={[Function]}
          placeholder="값을 입력해주세요"
          type="text"
          value=""
        />
      </div>
    </div>
    <button
      className="sc-bcXHqe dCAPbY"
      disabled={true}
      onClick={[Function]}
      onKeyPress={[Function]}
      type="button"
    >
      확인
    </button>
  </div>
  <div
    className="sc-fpaRTa jImHjf"
  >
    <div
      className="sc-hQPBQE gqCoSh"
    >
      Item Count: 
      3
    </div>
    <ul
      className="sc-faBftj fSJUGf"
    >
      <li
        className="sc-hshgAP fnarEm"
      >
        <div
          className="sc-bZZWma fAkSOP"
        >
          <span>
            1. Javascript
          </span>
          <div
            className="sc-jneFjB hVCLWl"
          >
            <button
              className="sc-bcXHqe dCAPbY"
              disabled={false}
              onClick={[Function]}
              onKeyPress={[Function]}
              type="button"
            >
              수정
            </button>
            <button
              className="sc-bcXHqe dCAPbY"
              disabled={false}
              onClick={[Function]}
              onKeyPress={[Function]}
              style={
                Object {
                  "color": "#fa5c5c",
                }
              }
              type="button"
            >
              삭제
            </button>
          </div>
        </div>
      </li>
      <li
        className="sc-hshgAP fnarEm"
      >
        <div
          className="sc-bZZWma fAkSOP"
        >
          <span>
            2. React
          </span>
          <div
            className="sc-jneFjB hVCLWl"
          >
            <button
              className="sc-bcXHqe dCAPbY"
              disabled={false}
              onClick={[Function]}
              onKeyPress={[Function]}
              type="button"
            >
              수정
            </button>
            <button
              className="sc-bcXHqe dCAPbY"
              disabled={false}
              onClick={[Function]}
              onKeyPress={[Function]}
              style={
                Object {
                  "color": "#fa5c5c",
                }
              }
              type="button"
            >
              삭제
            </button>
          </div>
        </div>
      </li>
      <li
        className="sc-hshgAP fnarEm"
      >
        <div
          className="sc-bZZWma fAkSOP"
        >
          <span>
            3. Next.js
          </span>
          <div
            className="sc-jneFjB hVCLWl"
          >
            <button
              className="sc-bcXHqe dCAPbY"
              disabled={false}
              onClick={[Function]}
              onKeyPress={[Function]}
              type="button"
            >
              수정
            </button>
            <button
              className="sc-bcXHqe dCAPbY"
              disabled={false}
              onClick={[Function]}
              onKeyPress={[Function]}
              style={
                Object {
                  "color": "#fa5c5c",
                }
              }
              type="button"
            >
              삭제
            </button>
          </div>
        </div>
      </li>
    </ul>
  </div>
</div>
`;
