// Jest Snapshot v1, https://goo.gl/fbAQLP

exports[`<TodoList /> renders with snapshot 1`] = `
<div
  className="sc-dUXuUM flURpb"
>
  <div
    className="sc-faBftj sWJNz"
  >
    Item Count: 
    3
  </div>
  <ul
    className="sc-fpaRTa bBpnAW"
  >
    <li
      className="sc-bPaAec dktxlz"
    >
      <div
        className="sc-hshgAP elPoGv"
      >
        <span>
          1. Javascript
        </span>
        <div
          className="sc-bZZWma gmfkxH"
        >
          <button
            className="sc-bcXHqe dCAPbY"
            disabled={false}
            onClick={[Function]}
            onKeyPress={[Function]}
            type="button"
          >
            수정
          </button>
          <button
            className="sc-bcXHqe dCAPbY"
            disabled={false}
            onClick={[Function]}
            onKeyPress={[Function]}
            style={
              Object {
                "color": "#fa5c5c",
              }
            }
            type="button"
          >
            삭제
          </button>
        </div>
      </div>
    </li>
    <li
      className="sc-bPaAec dktxlz"
    >
      <div
        className="sc-hshgAP elPoGv"
      >
        <span>
          2. React
        </span>
        <div
          className="sc-bZZWma gmfkxH"
        >
          <button
            className="sc-bcXHqe dCAPbY"
            disabled={false}
            onClick={[Function]}
            onKeyPress={[Function]}
            type="button"
          >
            수정
          </button>
          <button
            className="sc-bcXHqe dCAPbY"
            disabled={false}
            onClick={[Function]}
            onKeyPress={[Function]}
            style={
              Object {
                "color": "#fa5c5c",
              }
            }
            type="button"
          >
            삭제
          </button>
        </div>
      </div>
    </li>
    <li
      className="sc-bPaAec dktxlz"
    >
      <div
        className="sc-hshgAP elPoGv"
      >
        <span>
          3. Next.js
        </span>
        <div
          className="sc-bZZWma gmfkxH"
        >
          <button
            className="sc-bcXHqe dCAPbY"
            disabled={false}
            onClick={[Function]}
            onKeyPress={[Function]}
            type="button"
          >
            수정
          </button>
          <button
            className="sc-bcXHqe dCAPbY"
            disabled={false}
            onClick={[Function]}
            onKeyPress={[Function]}
            style={
              Object {
                "color": "#fa5c5c",
              }
            }
            type="button"
          >
            삭제
          </button>
        </div>
      </div>
    </li>
  </ul>
</div>
`;
