// Jest Snapshot v1, https://goo.gl/fbAQLP

exports[`<TodoAddForm /> renders with snapshot 1`] = `
<div
  className="sc-bPaAec hDWzBG"
>
  <div
    className="sc-dZTDFv bJPCES"
    width="400px"
  >
    <div
      className="sc-hbWBzy dJsoGE"
      disabled={false}
    >
      <input
        className="sc-nTrUm fNPogZ"
        onChange={[Function]}
        onKeyDown={[Function]}
        onKeyPress={[Function]}
        placeholder="값을 입력해주세요"
        type="text"
        value=""
      />
    </div>
  </div>
  <button
    className="sc-bcXHqe dCAPbY"
    disabled={true}
    onClick={[Function]}
    onKeyPress={[Function]}
    type="button"
  >
    확인
  </button>
</div>
`;
